../Drivers/CMSIS/Include/core_cm4.h:2064:26:ITM_SendChar	16	static,ignoring_inline_asm
../Core/Src/main.c:175:5:_write	32	static
../Core/Src/main.c:187:5:main	8	static
../Core/Src/main.c:296:6:SystemClock_Config	88	static
../Core/Src/main.c:350:13:MX_ADC1_Init	24	static
../Core/Src/main.c:420:13:MX_TIM8_Init	32	static
../Core/Src/main.c:466:13:MX_USART1_UART_Init	8	static
../Core/Src/main.c:497:13:MX_DMA_Init	16	static
../Core/Src/main.c:515:13:MX_GPIO_Init	40	static
../Core/Src/main.c:552:6:StartTask1	24	static
../Core/Src/main.c:590:6:StartTask2	40	static
../Core/Src/main.c:645:6:StartTask3	16	static
../Core/Src/main.c:690:6:HAL_UART_RxCpltCallback	16	static,ignoring_inline_asm
../Core/Src/main.c:701:6:HAL_ADC_ConvCpltCallback	16	static
../Core/Src/main.c:717:6:HAL_TIM_PeriodElapsedCallback	16	static
../Core/Src/main.c:734:6:Error_Handler	4	static,ignoring_inline_asm
