../Core/Src/main.c:98:5:main	8	static
../Core/Src/main.c:155:6:SystemClock_Config	88	static
../Core/Src/main.c:209:13:MX_ADC1_Init	24	static
../Core/Src/main.c:261:13:MX_TIM8_Init	32	static
../Core/Src/main.c:307:13:MX_USART1_UART_Init	8	static
../Core/Src/main.c:340:13:MX_GPIO_Init	40	static
../Core/Src/main.c:366:6:HAL_UART_RxCpltCallback	16	static
../Core/Src/main.c:389:6:HAL_ADC_ConvCpltCallback	24	static,ignoring_inline_asm
../Core/Src/main.c:416:6:Error_Handler	4	static,ignoring_inline_asm
