../Core/Src/main.c:109:5:main	8	static
../Core/Src/main.c:170:6:SystemClock_Config	88	static
../Core/Src/main.c:224:13:MX_ADC1_Init	24	static
../Core/Src/main.c:294:13:MX_TIM8_Init	32	static
../Core/Src/main.c:340:13:MX_USART1_UART_Init	8	static
../Core/Src/main.c:371:13:MX_DMA_Init	16	static
../Core/Src/main.c:389:13:MX_GPIO_Init	40	static
../Core/Src/main.c:416:6:HAL_UART_RxCpltCallback	16	static
../Core/Src/main.c:440:6:HAL_ADC_ConvCpltCallback	32	static,ignoring_inline_asm
../Core/Src/main.c:478:6:Error_Handler	4	static,ignoring_inline_asm
